[INFO] NumExpr defaulting to 12 threads.
INFO:     Started server process [8688]
INFO:     Waiting for application startup.
[INFO] Starting PDF Backend API v1.0.0 [development]
INFO:     Application startup complete.
INFO:     Uvicorn running on http://127.0.0.1:8000 (Press CTRL+C to quit)
[ERROR] Failed to initialize Word COM or general error: (-2147023584, 'A specified logon session does not exist. It may already have been terminated.', None, None)
[ERROR] word-to-pdf error: Word to PDF conversion engine failed. Please try again.
Traceback (most recent call last):
  File "C:\Users\achar\Desktop\Legal_pdf_fullstack\pdf_backend\app\Convert_to_pdf_services\word_to_pdf_service.py", line 40, in process
    word = win32com.client.DispatchEx("Word.Application")
  File "C:\anaconda\Lib\site-packages\win32com\client\__init__.py", line 140, in DispatchEx
    dispatch = pythoncom.CoCreateInstanceEx(
               ~~~~~~~~~~~~~~~~~~~~~~~~~~~~^
        clsid, None, clsctx, serverInfo, (pythoncom.IID_IDispatch,)
        ^^^^^^^^^^^^^^^^^^^^^^^^^^^^^^^^^^^^^^^^^^^^^^^^^^^^^^^^^^^
    )[0]
    ^
pywintypes.com_error: (-2147023584, 'A specified logon session does not exist. It may already have been terminated.', None, None)

During handling of the above exception, another exception occurred:

Traceback (most recent call last):
  File "C:\Users\achar\Desktop\Legal_pdf_fullstack\pdf_backend\app\api\convert_to_pdf_routes.py", line 1030, in word_to_pdf_process
    result = await run_in_threadpool(
             ^^^^^^^^^^^^^^^^^^^^^^^^
    ...<2 lines>...
    )
    ^
  File "C:\anaconda\Lib\site-packages\starlette\concurrency.py", line 37, in run_in_threadpool
    return await anyio.to_thread.run_sync(func)
           ^^^^^^^^^^^^^^^^^^^^^^^^^^^^^^^^^^^^
  File "C:\anaconda\Lib\site-packages\anyio\to_thread.py", line 63, in run_sync
    return await get_async_backend().run_sync_in_worker_thread(
           ^^^^^^^^^^^^^^^^^^^^^^^^^^^^^^^^^^^^^^^^^^^^^^^^^^^^
        func, args, abandon_on_cancel=abandon_on_cancel, limiter=limiter
        ^^^^^^^^^^^^^^^^^^^^^^^^^^^^^^^^^^^^^^^^^^^^^^^^^^^^^^^^^^^^^^^^
    )
    ^
  File "C:\anaconda\Lib\site-packages\anyio\_backends\_asyncio.py", line 2596, in run_sync_in_worker_thread
    return await future
           ^^^^^^^^^^^^
  File "C:\anaconda\Lib\site-packages\anyio\_backends\_asyncio.py", line 1029, in run
    result = context.run(func, *args)
  File "C:\Users\achar\Desktop\Legal_pdf_fullstack\pdf_backend\app\Convert_to_pdf_services\word_to_pdf_service.py", line 96, in process
    raise ValueError("Word to PDF conversion engine failed. Please try again.")
ValueError: Word to PDF conversion engine failed. Please try again.
